%!Adobe-FontList 1.16
%Locale:0x40c

%BeginFont
Handler:DirectoryHandler
FontType:TrueType
FontName:BellGothic-Black
FamilyName:Bell Gothic Black
StyleName:Regular
FullName:Bell Gothic Black
MenuName:Bell Gothic Black
StyleBits:0
WritingScript:Roman
OutlineFileName:E:\DEV\AE\Duik\Duik\Docs\User guide\Duik_UserGuide_EN\Document fonts\bell-gothic-black.ttf
DataFormat:sfntData
FileLength:280152
FileModTime:1443954031
WeightClass:400
WidthClass:5
AngleClass:0
NameArray:0,Mac,4,Bell Gothic Black
NameArray:0,Win,1,Bell Gothic Black
%EndFont

%BeginFont
Handler:DirectoryHandler
FontType:TrueType
FontName:BellGothic-Bold
FamilyName:Bell Gothic Light
StyleName:Bold
FullName:Bell Gothic Bold
MenuName:Bell Gothic Light
StyleBits:2
WritingScript:Roman
OutlineFileName:E:\DEV\AE\Duik\Duik\Docs\User guide\Duik_UserGuide_EN\Document fonts\bell-gothic-bold.ttf
DataFormat:sfntData
FileLength:83080
FileModTime:1443954031
WeightClass:700
WidthClass:5
AngleClass:0
NameArray:0,Mac,4,Bell Gothic Bold
NameArray:0,Win,1,Bell Gothic Light
%EndFont

%BeginFont
Handler:DirectoryHandler
FontType:TrueType
FontName:BellGothic-Light
FamilyName:Bell Gothic Light
StyleName:Regular
FullName:Bell Gothic Light
MenuName:Bell Gothic Light
StyleBits:0
WritingScript:Roman
OutlineFileName:E:\DEV\AE\Duik\Duik\Docs\User guide\Duik_UserGuide_EN\Document fonts\bell-gothic-light.ttf
DataFormat:sfntData
FileLength:89564
FileModTime:1443954031
WeightClass:400
WidthClass:5
AngleClass:0
NameArray:0,Mac,4,Bell Gothic Light
NameArray:0,Win,1,Bell Gothic Light
%EndFont

%BeginFont
Handler:DirectoryHandler
FontType:Type1
FontName:BellGothicStd-Black
FamilyName:Bell Gothic Std
StyleName:Black
FullName:Bell Gothic Std Black
MenuName:Bell Gothic Std Black
StyleBits:0
WritingScript:Roman
OutlineFileName:E:\DEV\AE\Duik\Duik\Docs\User guide\Duik_UserGuide_EN\Document fonts\BellGothicStd-Black_2.otf
DataFormat:sfntData
UsesStandardEncoding:yes
isCFF:yes
FileLength:32364
FileModTime:1443954031
WeightClass:700
WidthClass:5
AngleClass:0
DesignSize:60
NameArray:0,Mac,4,Bell Gothic Std Black
NameArray:0,Win,1,Bell Gothic Std Black
NameArray:0,Win,16,Bell Gothic Std
%EndFont

%BeginFont
Handler:DirectoryHandler
FontType:Type1
FontName:BellGothicStd-Bold
FamilyName:Bell Gothic Std
StyleName:Bold
FullName:Bell Gothic Std Bold
MenuName:Bell Gothic Std Light
StyleBits:2
WritingScript:Roman
OutlineFileName:E:\DEV\AE\Duik\Duik\Docs\User guide\Duik_UserGuide_EN\Document fonts\BellGothicStd-Bold_2.otf
DataFormat:sfntData
UsesStandardEncoding:yes
isCFF:yes
FileLength:32512
FileModTime:1443954031
WeightClass:500
WidthClass:5
AngleClass:0
DesignSize:60
NameArray:0,Mac,4,Bell Gothic Std Bold
NameArray:0,Win,1,Bell Gothic Std Light
NameArray:0,Win,16,Bell Gothic Std
%EndFont

%BeginFont
Handler:DirectoryHandler
FontType:TrueType
FontName:Courier
FamilyName:Courier
StyleName:Regular
FullName:Courier
MenuName:Courier
StyleBits:0
WritingScript:Roman
OutlineFileName:E:\DEV\AE\Duik\Duik\Docs\User guide\Duik_UserGuide_EN\Document fonts\Courier.ttf
DataFormat:sfntData
FileLength:171176
FileModTime:1443954031
WeightClass:400
WidthClass:5
AngleClass:0
NameArray:0,Mac,4,Courier
NameArray:0,Win,1,Courier
%EndFont

%BeginFont
Handler:DirectoryHandler
FontType:TrueType
FontName:HelveticaNeue-Light
FamilyName:Helvetica Neue
StyleName:Light
FullName:Helvetica Neue Light
MenuName:Helvetica Neue
StyleBits:0
WritingScript:Roman
OutlineFileName:E:\DEV\AE\Duik\Duik\Docs\User guide\Duik_UserGuide_EN\Document fonts\HelveticaNeue-Light.ttf
DataFormat:sfntData
FileLength:229076
FileModTime:1443954031
WeightClass:300
WidthClass:5
AngleClass:0
NameArray:0,Mac,4,Helvetica Neue Light
NameArray:0,Win,1,Helvetica Neue
%EndFont

%BeginFont
Handler:DirectoryHandler
FontType:Type1
FontName:MinionPro-Regular
FamilyName:Minion Pro
StyleName:Regular
FullName:Minion Pro
MenuName:Minion Pro
StyleBits:0
WritingScript:Roman
OutlineFileName:E:\DEV\AE\Duik\Duik\Docs\User guide\Duik_UserGuide_EN\Document fonts\MinionPro-Regular.otf
DataFormat:sfntData
UsesStandardEncoding:yes
isCFF:yes
FileLength:231312
FileModTime:1443954031
WeightClass:400
WidthClass:5
AngleClass:0
DesignSize:110
NameArray:0,Mac,4,Minion Pro
NameArray:0,Win,1,Minion Pro
%EndFont

